.*: Failed to tamper with process [[:digit:]]+: requested to tamper with argument #2, but system call 'chdir' has only 1 arguments
