.*: Failed to tamper with process [[:digit:]]+: couldn't poke
