[ ]{5}0\.0{3} execve\("\.\./sleep", \["\.\./sleep", "1"\], 0x[[:xdigit:]]* /\* [[:digit:]]* vars \*/\) = 0
[ ]{5}(1\.[01]|0\.9)[[:digit:]]{2} \+\+\+ exited with 0 \+\+\+
