nanosleep\(\{tv_sec=1, tv_nsec=0\}, NULL\) = 0 <[01]>
